// Jest Snapshot v1, https://goo.gl/fbAQLP

exports[`testing error 1`] = `
<div
  className="makeStyles-container-1"
>
  <svg
    aria-hidden="true"
    className="MuiSvgIcon-root makeStyles-icon-2"
    focusable="false"
    role="presentation"
    viewBox="0 0 24 24"
  >
    <path
      d="M12 4c-4.42 0-8 3.58-8 8s3.58 8 8 8 8-3.58 8-8-3.58-8-8-8zm1 13h-2v-2h2v2zm0-4h-2V7h2v6z"
      opacity=".3"
    />
    <path
      d="M11.99 2C6.47 2 2 6.48 2 12s4.47 10 9.99 10C17.52 22 22 17.52 22 12S17.52 2 11.99 2zM12 20c-4.42 0-8-3.58-8-8s3.58-8 8-8 8 3.58 8 8-3.58 8-8 8zm-1-5h2v2h-2zm0-8h2v6h-2z"
    />
  </svg>
  <h5
    className="MuiTypography-root makeStyles-text-3 MuiTypography-h5 MuiTypography-gutterBottom"
    data-testid="error-text"
  >
    Found an error!
  </h5>
</div>
`;
